{"timestamp":"2026-09-16 10:13:10", "level":"INFO", "logger":"org.hibernate.validator.internal.util.Version", "message":"HV000001: Hibernate Validator 9.1.3.Final"}
{"timestamp":"2026-09-16 10:13:10", "level":"INFO", "logger":"org.apache.maven.surefire.booter.ForkedBooter", "message":"Starting ForkedBooter v3.5.6 using Java 21.0.12 with PID 46703 (started by shrimp in /home/shrimp/code/ddd/ddd-start)"}
{"timestamp":"2026-09-16 10:13:10", "level":"INFO", "logger":"org.apache.maven.surefire.booter.ForkedBooter", "message":"No active profile set, falling back to 1 default profile: "default""}
{"timestamp":"2026-09-16 10:13:10", "level":"INFO", "logger":"org.springframework.data.repository.config.RepositoryConfigurationDelegate", "message":"Bootstrapping Spring Data JPA repositories in DEFAULT mode."}
{"timestamp":"2026-09-16 10:13:10", "level":"INFO", "logger":"org.springframework.data.repository.config.RepositoryConfigurationDelegate", "message":"Finished Spring Data repository scanning in 23 ms. Found 1 JPA repository interface."}
{"timestamp":"2026-09-16 10:13:11", "level":"INFO", "logger":"org.hibernate.orm.jpa", "message":"HHH008540: Processing PersistenceUnitInfo [name: default]"}
{"timestamp":"2026-09-16 10:13:11", "level":"INFO", "logger":"org.hibernate.orm.core", "message":"HHH000001: Hibernate ORM core version 7.4.5.Final"}
{"timestamp":"2026-09-16 10:13:11", "level":"INFO", "logger":"org.springframework.orm.jpa.persistenceunit.SpringPersistenceUnitInfo", "message":"No LoadTimeWeaver setup: ignoring JPA class transformer"}
{"timestamp":"2026-09-16 10:13:11", "level":"INFO", "logger":"com.zaxxer.hikari.HikariDataSource", "message":"HikariPool-1 - Starting..."}
{"timestamp":"2026-09-16 10:13:11", "level":"INFO", "logger":"com.zaxxer.hikari.pool.HikariPool", "message":"HikariPool-1 - Added connection org.postgresql.jdbc.PgConnection@11c999da"}
{"timestamp":"2026-09-16 10:13:11", "level":"INFO", "logger":"com.zaxxer.hikari.HikariDataSource", "message":"HikariPool-1 - Start completed."}
{"timestamp":"2026-09-16 10:13:11", "level":"WARN", "logger":"org.hibernate.orm.deprecation", "message":"HHH90000025: PostgreSQLDialect does not need to be specified explicitly using 'hibernate.dialect' (remove the property setting and it will be selected by default)"}
{"timestamp":"2026-09-16 10:13:11", "level":"INFO", "logger":"org.hibernate.orm.connections.pooling", "message":"HHH10001005: Database info:
	Database JDBC URL [jdbc:postgresql://localhost:5432/mydb]
	Database driver: PostgreSQL JDBC Driver
	Database dialect: PostgreSQLDialect
	Database version: 18.6
	Default catalog/schema: mydb/public
	Autocommit mode: undefined/unknown
	Isolation level: READ_COMMITTED [default READ_COMMITTED]
	JDBC fetch size: none
	Pool: DataSourceConnectionProvider
	Minimum pool size: undefined/unknown
	Maximum pool size: undefined/unknown"}
{"timestamp":"2026-09-16 10:13:12", "level":"INFO", "logger":"org.hibernate.orm.core", "message":"HHH000489: No JTA platform available (set 'hibernate.transaction.jta.platform' to enable JTA platform integration)"}
{"timestamp":"2026-09-16 10:13:12", "level":"INFO", "logger":"org.springframework.orm.jpa.LocalContainerEntityManagerFactoryBean", "message":"Initialized JPA EntityManagerFactory for persistence unit 'default'"}
{"timestamp":"2026-09-16 10:13:12", "level":"INFO", "logger":"org.springframework.data.jpa.repository.query.QueryEnhancerFactories", "message":"Hibernate is in classpath; If applicable, HQL parser will be used."}
{"timestamp":"2026-09-16 10:13:12", "level":"INFO", "logger":"org.apache.maven.surefire.booter.ForkedBooter", "message":"Started ForkedBooter in 2.483 seconds (process running for 3.169)"}
{"timestamp":"2026-09-16 10:13:12", "level":"INFO", "logger":"org.springframework.orm.jpa.LocalContainerEntityManagerFactoryBean", "message":"Closing JPA EntityManagerFactory for persistence unit 'default'"}
{"timestamp":"2026-09-16 10:13:12", "level":"INFO", "logger":"com.zaxxer.hikari.HikariDataSource", "message":"HikariPool-1 - Shutdown initiated..."}
{"timestamp":"2026-09-16 10:13:12", "level":"INFO", "logger":"com.zaxxer.hikari.HikariDataSource", "message":"HikariPool-1 - Shutdown completed."}
{"timestamp":"2026-09-16 10:13:18", "level":"INFO", "logger":"org.hibernate.validator.internal.util.Version", "message":"HV000001: Hibernate Validator 9.1.3.Final"}
{"timestamp":"2026-09-16 10:13:18", "level":"INFO", "logger":"org.apache.maven.surefire.booter.ForkedBooter", "message":"Starting ForkedBooter v3.5.6 using Java 21.0.12 with PID 47021 (started by shrimp in /home/shrimp/code/ddd/ddd-start)"}
{"timestamp":"2026-09-16 10:13:18", "level":"INFO", "logger":"org.apache.maven.surefire.booter.ForkedBooter", "message":"No active profile set, falling back to 1 default profile: "default""}
{"timestamp":"2026-09-16 10:13:18", "level":"INFO", "logger":"org.springframework.data.repository.config.RepositoryConfigurationDelegate", "message":"Bootstrapping Spring Data JPA repositories in DEFAULT mode."}
{"timestamp":"2026-09-16 10:13:18", "level":"INFO", "logger":"org.springframework.data.repository.config.RepositoryConfigurationDelegate", "message":"Finished Spring Data repository scanning in 24 ms. Found 1 JPA repository interface."}
{"timestamp":"2026-09-16 10:13:19", "level":"INFO", "logger":"org.hibernate.orm.jpa", "message":"HHH008540: Processing PersistenceUnitInfo [name: default]"}
{"timestamp":"2026-09-16 10:13:19", "level":"INFO", "logger":"org.hibernate.orm.core", "message":"HHH000001: Hibernate ORM core version 7.4.5.Final"}
{"timestamp":"2026-09-16 10:13:19", "level":"INFO", "logger":"org.springframework.orm.jpa.persistenceunit.SpringPersistenceUnitInfo", "message":"No LoadTimeWeaver setup: ignoring JPA class transformer"}
{"timestamp":"2026-09-16 10:13:19", "level":"INFO", "logger":"com.zaxxer.hikari.HikariDataSource", "message":"HikariPool-1 - Starting..."}
{"timestamp":"2026-09-16 10:13:19", "level":"INFO", "logger":"com.zaxxer.hikari.pool.HikariPool", "message":"HikariPool-1 - Added connection org.postgresql.jdbc.PgConnection@297c3a43"}
{"timestamp":"2026-09-16 10:13:19", "level":"INFO", "logger":"com.zaxxer.hikari.HikariDataSource", "message":"HikariPool-1 - Start completed."}
{"timestamp":"2026-09-16 10:13:19", "level":"WARN", "logger":"org.hibernate.orm.deprecation", "message":"HHH90000025: PostgreSQLDialect does not need to be specified explicitly using 'hibernate.dialect' (remove the property setting and it will be selected by default)"}
{"timestamp":"2026-09-16 10:13:19", "level":"INFO", "logger":"org.hibernate.orm.connections.pooling", "message":"HHH10001005: Database info:
	Database JDBC URL [jdbc:postgresql://localhost:5432/mydb]
	Database driver: PostgreSQL JDBC Driver
	Database dialect: PostgreSQLDialect
	Database version: 18.6
	Default catalog/schema: mydb/public
	Autocommit mode: undefined/unknown
	Isolation level: READ_COMMITTED [default READ_COMMITTED]
	JDBC fetch size: none
	Pool: DataSourceConnectionProvider
	Minimum pool size: undefined/unknown
	Maximum pool size: undefined/unknown"}
{"timestamp":"2026-09-16 10:13:20", "level":"INFO", "logger":"org.hibernate.orm.core", "message":"HHH000489: No JTA platform available (set 'hibernate.transaction.jta.platform' to enable JTA platform integration)"}
{"timestamp":"2026-09-16 10:13:20", "level":"INFO", "logger":"org.springframework.orm.jpa.LocalContainerEntityManagerFactoryBean", "message":"Initialized JPA EntityManagerFactory for persistence unit 'default'"}
{"timestamp":"2026-09-16 10:13:20", "level":"INFO", "logger":"org.springframework.data.jpa.repository.query.QueryEnhancerFactories", "message":"Hibernate is in classpath; If applicable, HQL parser will be used."}
{"timestamp":"2026-09-16 10:13:20", "level":"INFO", "logger":"org.apache.maven.surefire.booter.ForkedBooter", "message":"Started ForkedBooter in 2.328 seconds (process running for 2.95)"}
{"timestamp":"2026-09-16 10:13:20", "level":"INFO", "logger":"org.springframework.orm.jpa.LocalContainerEntityManagerFactoryBean", "message":"Closing JPA EntityManagerFactory for persistence unit 'default'"}
{"timestamp":"2026-09-16 10:13:20", "level":"INFO", "logger":"com.zaxxer.hikari.HikariDataSource", "message":"HikariPool-1 - Shutdown initiated..."}
{"timestamp":"2026-09-16 10:13:20", "level":"INFO", "logger":"com.zaxxer.hikari.HikariDataSource", "message":"HikariPool-1 - Shutdown completed."}
{"timestamp":"2026-09-16 10:13:59", "level":"INFO", "logger":"org.hibernate.validator.internal.util.Version", "message":"HV000001: Hibernate Validator 9.1.3.Final"}
{"timestamp":"2026-09-16 10:13:59", "level":"INFO", "logger":"org.apache.maven.surefire.booter.ForkedBooter", "message":"Starting ForkedBooter v3.5.6 using Java 21.0.12 with PID 47673 (started by shrimp in /home/shrimp/code/ddd/ddd-start)"}
{"timestamp":"2026-09-16 10:13:59", "level":"INFO", "logger":"org.apache.maven.surefire.booter.ForkedBooter", "message":"No active profile set, falling back to 1 default profile: "default""}
{"timestamp":"2026-09-16 10:13:59", "level":"INFO", "logger":"org.springframework.data.repository.config.RepositoryConfigurationDelegate", "message":"Bootstrapping Spring Data JPA repositories in DEFAULT mode."}
{"timestamp":"2026-09-16 10:13:59", "level":"INFO", "logger":"org.springframework.data.repository.config.RepositoryConfigurationDelegate", "message":"Finished Spring Data repository scanning in 25 ms. Found 1 JPA repository interface."}
{"timestamp":"2026-09-16 10:14:00", "level":"INFO", "logger":"org.hibernate.orm.jpa", "message":"HHH008540: Processing PersistenceUnitInfo [name: default]"}
{"timestamp":"2026-09-16 10:14:00", "level":"INFO", "logger":"org.hibernate.orm.core", "message":"HHH000001: Hibernate ORM core version 7.4.5.Final"}
{"timestamp":"2026-09-16 10:14:00", "level":"INFO", "logger":"org.springframework.orm.jpa.persistenceunit.SpringPersistenceUnitInfo", "message":"No LoadTimeWeaver setup: ignoring JPA class transformer"}
{"timestamp":"2026-09-16 10:14:00", "level":"INFO", "logger":"com.zaxxer.hikari.HikariDataSource", "message":"HikariPool-1 - Starting..."}
{"timestamp":"2026-09-16 10:14:00", "level":"INFO", "logger":"com.zaxxer.hikari.pool.HikariPool", "message":"HikariPool-1 - Added connection org.postgresql.jdbc.PgConnection@297c3a43"}
{"timestamp":"2026-09-16 10:14:00", "level":"INFO", "logger":"com.zaxxer.hikari.HikariDataSource", "message":"HikariPool-1 - Start completed."}
{"timestamp":"2026-09-16 10:14:00", "level":"WARN", "logger":"org.hibernate.orm.deprecation", "message":"HHH90000025: PostgreSQLDialect does not need to be specified explicitly using 'hibernate.dialect' (remove the property setting and it will be selected by default)"}
{"timestamp":"2026-09-16 10:14:00", "level":"INFO", "logger":"org.hibernate.orm.connections.pooling", "message":"HHH10001005: Database info:
	Database JDBC URL [jdbc:postgresql://localhost:5432/mydb]
	Database driver: PostgreSQL JDBC Driver
	Database dialect: PostgreSQLDialect
	Database version: 18.6
	Default catalog/schema: mydb/public
	Autocommit mode: undefined/unknown
	Isolation level: READ_COMMITTED [default READ_COMMITTED]
	JDBC fetch size: none
	Pool: DataSourceConnectionProvider
	Minimum pool size: undefined/unknown
	Maximum pool size: undefined/unknown"}
{"timestamp":"2026-09-16 10:14:01", "level":"INFO", "logger":"org.hibernate.orm.core", "message":"HHH000489: No JTA platform available (set 'hibernate.transaction.jta.platform' to enable JTA platform integration)"}
{"timestamp":"2026-09-16 10:14:01", "level":"INFO", "logger":"org.springframework.orm.jpa.LocalContainerEntityManagerFactoryBean", "message":"Initialized JPA EntityManagerFactory for persistence unit 'default'"}
{"timestamp":"2026-09-16 10:14:01", "level":"INFO", "logger":"org.springframework.data.jpa.repository.query.QueryEnhancerFactories", "message":"Hibernate is in classpath; If applicable, HQL parser will be used."}
{"timestamp":"2026-09-16 10:14:01", "level":"INFO", "logger":"org.apache.maven.surefire.booter.ForkedBooter", "message":"Started ForkedBooter in 2.432 seconds (process running for 3.059)"}
{"timestamp":"2026-09-16 10:14:01", "level":"INFO", "logger":"org.springframework.orm.jpa.LocalContainerEntityManagerFactoryBean", "message":"Closing JPA EntityManagerFactory for persistence unit 'default'"}
{"timestamp":"2026-09-16 10:14:01", "level":"INFO", "logger":"com.zaxxer.hikari.HikariDataSource", "message":"HikariPool-1 - Shutdown initiated..."}
{"timestamp":"2026-09-16 10:14:01", "level":"INFO", "logger":"com.zaxxer.hikari.HikariDataSource", "message":"HikariPool-1 - Shutdown completed."}
{"timestamp":"2026-09-16 10:14:33", "level":"INFO", "logger":"org.hibernate.validator.internal.util.Version", "message":"HV000001: Hibernate Validator 9.1.3.Final"}
{"timestamp":"2026-09-16 10:14:33", "level":"INFO", "logger":"org.apache.maven.surefire.booter.ForkedBooter", "message":"Starting ForkedBooter v3.5.6 using Java 21.0.12 with PID 48756 (started by shrimp in /home/shrimp/code/ddd/ddd-start)"}
{"timestamp":"2026-09-16 10:14:33", "level":"INFO", "logger":"org.apache.maven.surefire.booter.ForkedBooter", "message":"No active profile set, falling back to 1 default profile: "default""}
{"timestamp":"2026-09-16 10:14:34", "level":"INFO", "logger":"org.springframework.data.repository.config.RepositoryConfigurationDelegate", "message":"Bootstrapping Spring Data JPA repositories in DEFAULT mode."}
{"timestamp":"2026-09-16 10:14:34", "level":"INFO", "logger":"org.springframework.data.repository.config.RepositoryConfigurationDelegate", "message":"Finished Spring Data repository scanning in 30 ms. Found 1 JPA repository interface."}
{"timestamp":"2026-09-16 10:14:34", "level":"INFO", "logger":"org.hibernate.orm.jpa", "message":"HHH008540: Processing PersistenceUnitInfo [name: default]"}
{"timestamp":"2026-09-16 10:14:34", "level":"INFO", "logger":"org.hibernate.orm.core", "message":"HHH000001: Hibernate ORM core version 7.4.5.Final"}
{"timestamp":"2026-09-16 10:14:34", "level":"INFO", "logger":"org.springframework.orm.jpa.persistenceunit.SpringPersistenceUnitInfo", "message":"No LoadTimeWeaver setup: ignoring JPA class transformer"}
{"timestamp":"2026-09-16 10:14:35", "level":"INFO", "logger":"com.zaxxer.hikari.HikariDataSource", "message":"HikariPool-1 - Starting..."}
{"timestamp":"2026-09-16 10:14:35", "level":"INFO", "logger":"com.zaxxer.hikari.pool.HikariPool", "message":"HikariPool-1 - Added connection org.postgresql.jdbc.PgConnection@2e013ba1"}
{"timestamp":"2026-09-16 10:14:35", "level":"INFO", "logger":"com.zaxxer.hikari.HikariDataSource", "message":"HikariPool-1 - Start completed."}
{"timestamp":"2026-09-16 10:14:35", "level":"WARN", "logger":"org.hibernate.orm.deprecation", "message":"HHH90000025: PostgreSQLDialect does not need to be specified explicitly using 'hibernate.dialect' (remove the property setting and it will be selected by default)"}
{"timestamp":"2026-09-16 10:14:35", "level":"INFO", "logger":"org.hibernate.orm.connections.pooling", "message":"HHH10001005: Database info:
	Database JDBC URL [jdbc:postgresql://localhost:5432/mydb]
	Database driver: PostgreSQL JDBC Driver
	Database dialect: PostgreSQLDialect
	Database version: 18.6
	Default catalog/schema: mydb/public
	Autocommit mode: undefined/unknown
	Isolation level: READ_COMMITTED [default READ_COMMITTED]
	JDBC fetch size: none
	Pool: DataSourceConnectionProvider
	Minimum pool size: undefined/unknown
	Maximum pool size: undefined/unknown"}
{"timestamp":"2026-09-16 10:14:35", "level":"INFO", "logger":"org.hibernate.orm.core", "message":"HHH000489: No JTA platform available (set 'hibernate.transaction.jta.platform' to enable JTA platform integration)"}
{"timestamp":"2026-09-16 10:14:35", "level":"INFO", "logger":"org.springframework.orm.jpa.LocalContainerEntityManagerFactoryBean", "message":"Initialized JPA EntityManagerFactory for persistence unit 'default'"}
{"timestamp":"2026-09-16 10:14:35", "level":"INFO", "logger":"org.springframework.data.jpa.repository.query.QueryEnhancerFactories", "message":"Hibernate is in classpath; If applicable, HQL parser will be used."}
{"timestamp":"2026-09-16 10:14:36", "level":"WARN", "logger":"org.springframework.context.annotation.AnnotationConfigApplicationContext", "message":"Exception encountered during context initialization - cancelling refresh attempt: org.springframework.beans.factory.UnsatisfiedDependencyException: Error creating bean with name 'authController' defined in file [/home/shrimp/code/ddd/ddd-api/target/classes/com/ddd/api/controller/AuthController.class]: Unsatisfied dependency expressed through constructor parameter 0: Error creating bean with name 'authServiceImpl' defined in file [/home/shrimp/code/ddd/ddd-application/target/classes/com/ddd/application/service/auth/impl/AuthServiceImpl.class]: Unsatisfied dependency expressed through constructor parameter 0: Error creating bean with name 'userRepositoryImpl' defined in file [/home/shrimp/code/ddd/ddd-infrastructure/target/classes/com/ddd/infrastructure/repository/UserRepositoryImpl.class]: Unsatisfied dependency expressed through constructor parameter 1: No qualifying bean of type 'com.ddd.infrastructure.mapper.UserMapper' available: expected at least 1 bean which qualifies as autowire candidate. Dependency annotations: {}"}
{"timestamp":"2026-09-16 10:14:36", "level":"INFO", "logger":"org.springframework.orm.jpa.LocalContainerEntityManagerFactoryBean", "message":"Closing JPA EntityManagerFactory for persistence unit 'default'"}
{"timestamp":"2026-09-16 10:14:36", "level":"INFO", "logger":"com.zaxxer.hikari.HikariDataSource", "message":"HikariPool-1 - Shutdown initiated..."}
{"timestamp":"2026-09-16 10:14:36", "level":"INFO", "logger":"com.zaxxer.hikari.HikariDataSource", "message":"HikariPool-1 - Shutdown completed."}
{"timestamp":"2026-09-16 10:14:36", "level":"INFO", "logger":"org.springframework.boot.autoconfigure.logging.ConditionEvaluationReportLogger", "message":"

Error starting ApplicationContext. To display the condition evaluation report re-run your application with 'debug' enabled."}
{"timestamp":"2026-09-16 10:14:36", "level":"ERROR", "logger":"org.springframework.boot.diagnostics.LoggingFailureAnalysisReporter", "message":"

***************************
APPLICATION FAILED TO START
***************************

Description:

Parameter 1 of constructor in com.ddd.infrastructure.repository.UserRepositoryImpl required a bean of type 'com.ddd.infrastructure.mapper.UserMapper' that could not be found.


Action:

Consider defining a bean of type 'com.ddd.infrastructure.mapper.UserMapper' in your configuration.
"}
